aditya4@Adityas-MacBook-Air-2 ~ % ssh -p 2220 bandit16@bandit.labs.overthewire.org
                         _                     _ _ _   
                        | |__   __ _ _ __   __| (_) |_ 
                        | '_ \ / _` | '_ \ / _` | | __|
                        | |_) | (_| | | | | (_| | | |_ 
                        |_.__/ \__,_|_| |_|\__,_|_|\__|
                                                       

                      This is an OverTheWire game server. 
            More information on http://www.overthewire.org/wargames

bandit16@bandit.labs.overthewire.org's password: 

      ,----..            ,----,          .---.
     /   /   \         ,/   .`|         /. ./|
    /   .     :      ,`   .'  :     .--'.  ' ;
   .   /   ;.  \   ;    ;     /    /__./ \ : |
  .   ;   /  ` ; .'___,/    ,' .--'.  '   \' .
  ;   |  ; \ ; | |    :     | /___/ \ |    ' '
  |   :  | ; | ' ;    |.';  ; ;   \  \;      :
  .   |  ' ' ' : `----'  |  |  \   ;  `      |
  '   ;  \; /  |     '   :  ;   .   \    .\  ;
   \   \  ',  /      |   |  '    \   \   ' \ |
    ;   :    /       '   :  |     :   '  |--"
     \   \ .'        ;   |.'       \   \ ;
  www. `---` ver     '---' he       '---" ire.org


Welcome to OverTheWire!

If you find any problems, please report them to the #wargames channel on
discord or IRC.

--[ Playing the games ]--

  This machine might hold several wargames.
  If you are playing "somegame", then:

    * USERNAMES are somegame0, somegame1, ...
    * Most LEVELS are stored in /somegame/.
    * PASSWORDS for each level are stored in /etc/somegame_pass/.

  Write-access to homedirectories is disabled. It is advised to create a
  working directory with a hard-to-guess name in /tmp/.  You can use the
  command "mktemp -d" in order to generate a random and hard to guess
  directory in /tmp/.  Read-access to both /tmp/ is disabled and to /proc
  restricted so that users cannot snoop on eachother. Files and directories
  with easily guessable or short names will be periodically deleted! The /tmp
  directory is regularly wiped.
  Please play nice:

    * don't leave orphan processes running
    * don't leave exploit-files laying around
    * don't annoy other players
    * don't post passwords or spoilers
    * again, DONT POST SPOILERS!
      This includes writeups of your solution on your blog or website!

--[ Tips ]--

  This machine has a 64bit processor and many security-features enabled
  by default, although ASLR has been switched off.  The following
  compiler flags might be interesting:

    -m32                    compile for 32bit
    -fno-stack-protector    disable ProPolice
    -Wl,-z,norelro          disable relro

  In addition, the execstack tool can be used to flag the stack as
  executable on ELF binaries.

  Finally, network-access is limited for most levels by a local
  firewall.

--[ Tools ]--

 For your convenience we have installed a few useful tools which you can find
 in the following locations:

    * gef (https://github.com/hugsy/gef) in /opt/gef/
    * pwndbg (https://github.com/pwndbg/pwndbg) in /opt/pwndbg/
    * gdbinit (https://github.com/gdbinit/Gdbinit) in /opt/gdbinit/
    * pwntools (https://github.com/Gallopsled/pwntools)
    * radare2 (http://www.radare.org/)

--[ More information ]--

  For more information regarding individual wargames, visit
  http://www.overthewire.org/wargames/

  For support, questions or comments, contact us on discord or IRC.

  Enjoy your stay!

bandit16@bandit:~$ nmap localhost -p 31000-32000 -sV
Starting Nmap 7.94SVN ( https://nmap.org ) at 2025-05-13 18:57 UTC
Stats: 0:00:20 elapsed; 0 hosts completed (1 up), 1 undergoing Service Scan
Service scan Timing: About 0.00% done
Nmap scan report for localhost (127.0.0.1)
Host is up (0.00010s latency).
Not shown: 996 closed tcp ports (conn-refused)
PORT      STATE SERVICE     VERSION
31046/tcp open  echo
31518/tcp open  ssl/echo
31691/tcp open  echo
31790/tcp open  ssl/unknown
31960/tcp open  echo
1 service unrecognized despite returning data. If you know the service/version, please submit the following fingerprint at https://nmap.org/cgi-bin/submit.cgi?new-service :
SF-Port31790-TCP:V=7.94SVN%T=SSL%I=7%D=5/13%Time=68239627%P=x86_64-pc-linu
SF:x-gnu%r(GenericLines,32,"Wrong!\x20Please\x20enter\x20the\x20correct\x2
SF:0current\x20password\.\n")%r(GetRequest,32,"Wrong!\x20Please\x20enter\x
SF:20the\x20correct\x20current\x20password\.\n")%r(HTTPOptions,32,"Wrong!\
SF:x20Please\x20enter\x20the\x20correct\x20current\x20password\.\n")%r(RTS
SF:PRequest,32,"Wrong!\x20Please\x20enter\x20the\x20correct\x20current\x20
SF:password\.\n")%r(Help,32,"Wrong!\x20Please\x20enter\x20the\x20correct\x
SF:20current\x20password\.\n")%r(FourOhFourRequest,32,"Wrong!\x20Please\x2
SF:0enter\x20the\x20correct\x20current\x20password\.\n")%r(LPDString,32,"W
SF:rong!\x20Please\x20enter\x20the\x20correct\x20current\x20password\.\n")
SF:%r(SIPOptions,32,"Wrong!\x20Please\x20enter\x20the\x20correct\x20curren
SF:t\x20password\.\n");

Service detection performed. Please report any incorrect results at https://nmap.org/submit/ .
Nmap done: 1 IP address (1 host up) scanned in 157.61 seconds
bandit16@bandit:~$ 
bandit16@bandit:~$ openssl s_client -connect localhost:31790
CONNECTED(00000003)
Can't use SSL_get_servername
depth=0 CN = SnakeOil
verify error:num=18:self-signed certificate
verify return:1
depth=0 CN = SnakeOil
verify return:1
---
Certificate chain
 0 s:CN = SnakeOil
   i:CN = SnakeOil
   a:PKEY: rsaEncryption, 4096 (bit); sigalg: RSA-SHA256
   v:NotBefore: Jun 10 03:59:50 2024 GMT; NotAfter: Jun  8 03:59:50 2034 GMT
---
Server certificate
-----BEGIN CERTIFICATE-----
MIIFBzCCAu+gAwIBAgIUBLz7DBxA0IfojaL/WaJzE6Sbz7cwDQYJKoZIhvcNAQEL
BQAwEzERMA8GA1UEAwwIU25ha2VPaWwwHhcNMjQwNjEwMDM1OTUwWhcNMzQwNjA4
MDM1OTUwWjATMREwDwYDVQQDDAhTbmFrZU9pbDCCAiIwDQYJKoZIhvcNAQEBBQAD
ggIPADCCAgoCggIBANI+P5QXm9Bj21FIPsQqbqZRb5XmSZZJYaam7EIJ16Fxedf+
jXAv4d/FVqiEM4BuSNsNMeBMx2Gq0lAfN33h+RMTjRoMb8yBsZsC063MLfXCk4p+
09gtGP7BS6Iy5XdmfY/fPHvA3JDEScdlDDmd6Lsbdwhv93Q8M6POVO9sv4HuS4t/
jEjr+NhE+Bjr/wDbyg7GL71BP1WPZpQnRE4OzoSrt5+bZVLvODWUFwinB0fLaGRk
GmI0r5EUOUd7HpYyoIQbiNlePGfPpHRKnmdXTTEZEoxeWWAaM1VhPGqfrB/Pnca+
vAJX7iBOb3kHinmfVOScsG/YAUR94wSELeY+UlEWJaELVUntrJ5HeRDiTChiVQ++
wnnjNbepaW6shopybUF3XXfhIb4NvwLWpvoKFXVtcVjlOujF0snVvpE+MRT0wacy
tHtjZs7Ao7GYxDz6H8AdBLKJW67uQon37a4MI260ADFMS+2vEAbNSFP+f6ii5mrB
18cY64ZaF6oU8bjGK7BArDx56bRc3WFyuBIGWAFHEuB948BcshXY7baf5jjzPmgz
mq1zdRthQB31MOM2ii6vuTkheAvKfFf+llH4M9SnES4NSF2hj9NnHga9V08wfhYc
x0W6qu+S8HUdVF+V23yTvUNgz4Q+UoGs4sHSDEsIBFqNvInnpUmtNgcR2L5PAgMB
AAGjUzBRMB0GA1UdDgQWBBTPo8kfze4P9EgxNuyk7+xDGFtAYzAfBgNVHSMEGDAW
gBTPo8kfze4P9EgxNuyk7+xDGFtAYzAPBgNVHRMBAf8EBTADAQH/MA0GCSqGSIb3
DQEBCwUAA4ICAQAKHomtmcGqyiLnhziLe97Mq2+Sul5QgYVwfx/KYOXxv2T8ZmcR
Ae9XFhZT4jsAOUDK1OXx9aZgDGJHJLNEVTe9zWv1ONFfNxEBxQgP7hhmDBWdtj6d
taqEW/Jp06X+08BtnYK9NZsvDg2YRcvOHConeMjwvEL7tQK0m+GVyQfLYg6jnrhx
egH+abucTKxabFcWSE+Vk0uJYMqcbXvB4WNKz9vj4V5Hn7/DN4xIjFko+nREw6Oa
/AUFjNnO/FPjap+d68H1LdzMH3PSs+yjGid+6Zx9FCnt9qZydW13Miqg3nDnODXw
+Z682mQFjVlGPCA5ZOQbyMKY4tNazG2n8qy2famQT3+jF8Lb6a4NGbnpeWnLMkIu
jWLWIkA9MlbdNXuajiPNVyYIK9gdoBzbfaKwoOfSsLxEqlf8rio1GGcEV5Hlz5S2
txwI0xdW9MWeGWoiLbZSbRJH4TIBFFtoBG0LoEJi0C+UPwS8CDngJB4TyrZqEld3
rH87W+Et1t/Nepoc/Eoaux9PFp5VPXP+qwQGmhir/hv7OsgBhrkYuhkjxZ8+1uk7
tUWC/XM0mpLoxsq6vVl3AJaJe1ivdA9xLytsuG4iv02Juc593HXYR8yOpow0Eq2T
U5EyeuFg5RXYwAPi7ykw1PW7zAPL4MlonEVz+QXOSx6eyhimp1VZC11SCg==
-----END CERTIFICATE-----
subject=CN = SnakeOil
issuer=CN = SnakeOil
---
No client certificate CA names sent
Peer signing digest: SHA256
Peer signature type: RSA-PSS
Server Temp Key: X25519, 253 bits
---
SSL handshake has read 2103 bytes and written 373 bytes
Verification error: self-signed certificate
---
New, TLSv1.3, Cipher is TLS_AES_256_GCM_SHA384
Server public key is 4096 bit
Secure Renegotiation IS NOT supported
Compression: NONE
Expansion: NONE
No ALPN negotiated
Early data was not sent
Verify return code: 18 (self-signed certificate)
---
---
Post-Handshake New Session Ticket arrived:
SSL-Session:
    Protocol  : TLSv1.3
    Cipher    : TLS_AES_256_GCM_SHA384
    Session-ID: 4BF8A251216450AF3CBA103C9ABF726F7DF0EDA71E36CFB68A8AA10B5150D6BE
    Session-ID-ctx: 
    Resumption PSK: 70BAD2F9F2A562AF0DE8CE537F6492C5B82849DAE2B652AAD53A2087C71D136E8905DB4E9CB1D0837D022D132C869664
    PSK identity: None
    PSK identity hint: None
    SRP username: None
    TLS session ticket lifetime hint: 300 (seconds)
    TLS session ticket:
    0000 - a6 3a e2 13 99 fa b2 a7-71 c7 8a ef 7c 05 80 22   .:......q...|.."
    0010 - b4 54 95 30 24 33 f6 d0-98 ce 45 a1 90 50 c5 93   .T.0$3....E..P..
    0020 - 66 a3 5c 54 c3 19 99 1b-0e aa 19 f3 2b ba 04 7b   f.\T........+..{
    0030 - 81 7e 3d 44 5f 7c 66 b4-7f f8 cd 94 d7 05 16 52   .~=D_|f........R
    0040 - 6f f4 68 c8 d1 f9 bb fa-c0 e9 37 2d 90 2a 64 ae   o.h.......7-.*d.
    0050 - 79 5a d4 3a ba 73 dc e8-ad b2 7f db 64 d4 4c 8b   yZ.:.s......d.L.
    0060 - dd 41 be 8c 64 23 d0 f5-a8 9c 59 75 af 48 ce be   .A..d#....Yu.H..
    0070 - 0c 4d ab 4c fd 2b 4c 5d-99 a4 7b ea 4a 2d 7d 13   .M.L.+L]..{.J-}.
    0080 - 97 18 59 82 50 d5 78 cf-5e 15 a9 0f 42 fe 64 9f   ..Y.P.x.^...B.d.
    0090 - df ad 44 6c 27 54 8d c7-f8 0b 7a 1b 21 2c 53 97   ..Dl'T....z.!,S.
    00a0 - ef 03 6b 58 b2 34 27 bb-72 2d 4b 19 5f d1 8a 40   ..kX.4'.r-K._..@
    00b0 - dd a2 16 5a 54 be 00 b7-b5 64 97 70 2c 6c 13 ce   ...ZT....d.p,l..
    00c0 - 55 96 63 41 e9 d9 ee 96-09 ac 0c e8 25 80 33 90   U.cA........%.3.
    00d0 - 63 f8 63 0b 5d 12 b1 23-72 31 14 9e 0d e3 1c a7   c.c.]..#r1......

    Start Time: 1747162912
    Timeout   : 7200 (sec)
    Verify return code: 18 (self-signed certificate)
    Extended master secret: no
    Max Early Data: 0
---
read R BLOCK
---
Post-Handshake New Session Ticket arrived:
SSL-Session:
    Protocol  : TLSv1.3
    Cipher    : TLS_AES_256_GCM_SHA384
    Session-ID: 4F6A9FEB8243571F9325F705E44C0E9B72F28347674BC34DAEBDC3124819DA60
    Session-ID-ctx: 
    Resumption PSK: 6C4001B4BD6F9B8EAA2E062761FA3573ED6048B62061A1BAC672808A3EDC02DE2CFD817BE47E6E771149DCCD76534EB2
    PSK identity: None
    PSK identity hint: None
    SRP username: None
    TLS session ticket lifetime hint: 300 (seconds)
    TLS session ticket:
    0000 - a6 3a e2 13 99 fa b2 a7-71 c7 8a ef 7c 05 80 22   .:......q...|.."
    0010 - 55 a0 4d f5 be a2 7d ac-3a d8 0a 0d 44 33 01 c4   U.M...}.:...D3..
    0020 - 35 df e1 1c c8 23 6a 02-7f 1d 8d b9 e1 1e a8 a7   5....#j.........
    0030 - 5f 5a 88 91 00 9f e2 ec-36 1c 72 54 af 45 b1 4b   _Z......6.rT.E.K
    0040 - ff 0b f5 f5 56 59 7e cf-06 b3 8b 2a 30 3a 08 3f   ....VY~....*0:.?
    0050 - 50 9f c2 a2 f2 eb 09 d3-2d 71 6d 19 c1 bd 64 62   P.......-qm...db
    0060 - 10 72 b4 be f2 36 9d f9-c3 79 b5 ac 89 18 be 1e   .r...6...y......
    0070 - 01 34 ae 16 10 56 a8 3a-26 cd 60 3f f1 f6 8d 58   .4...V.:&.`?...X
    0080 - 86 78 b4 71 0e 73 96 c2-d5 5c 57 38 7a fd b5 ad   .x.q.s...\W8z...
    0090 - b2 47 15 34 9e ca 46 8d-f9 b8 8d fb 31 48 50 5f   .G.4..F.....1HP_
    00a0 - 46 73 ae c9 b8 89 2d 7a-49 64 24 6f 7a 4a c6 cd   Fs....-zId$ozJ..
    00b0 - 29 fc 3f e1 85 06 ba 86-65 32 ca b5 42 d8 da a6   ).?.....e2..B...
    00c0 - 4d 76 c8 1c 37 7e de 00-74 97 61 89 1f 07 28 b8   Mv..7~..t.a...(.
    00d0 - 83 a1 5e ea 84 6d 19 1d-57 c5 cb 1e 5b 25 0f 65   ..^..m..W...[%.e

    Start Time: 1747162912
    Timeout   : 7200 (sec)
    Verify return code: 18 (self-signed certificate)
    Extended master secret: no
    Max Early Data: 0
---
read R BLOCK
kSkvUpMQ7lBYyCM4GBPvCvT1BfWRy0Dx 
KEYUPDATE
q
Wrong! Please enter the correct current password.
closed
bandit16@bandit:~$ openssl s_client -connect localhost:31790 -quiet
Can't use SSL_get_servername
depth=0 CN = SnakeOil
verify error:num=18:self-signed certificate
verify return:1
depth=0 CN = SnakeOil
verify return:1
kSkvUpMQ7lBYyCM4GBPvCvT1BfWRy0Dx
Correct!
-----BEGIN RSA PRIVATE KEY-----
MIIEogIBAAKCAQEAvmOkuifmMg6HL2YPIOjon6iWfbp7c3jx34YkYWqUH57SUdyJ
imZzeyGC0gtZPGujUSxiJSWI/oTqexh+cAMTSMlOJf7+BrJObArnxd9Y7YT2bRPQ
Ja6Lzb558YW3FZl87ORiO+rW4LCDCNd2lUvLE/GL2GWyuKN0K5iCd5TbtJzEkQTu
DSt2mcNn4rhAL+JFr56o4T6z8WWAW18BR6yGrMq7Q/kALHYW3OekePQAzL0VUYbW
JGTi65CxbCnzc/w4+mqQyvmzpWtMAzJTzAzQxNbkR2MBGySxDLrjg0LWN6sK7wNX
x0YVztz/zbIkPjfkU1jHS+9EbVNj+D1XFOJuaQIDAQABAoIBABagpxpM1aoLWfvD
KHcj10nqcoBc4oE11aFYQwik7xfW+24pRNuDE6SFthOar69jp5RlLwD1NhPx3iBl
J9nOM8OJ0VToum43UOS8YxF8WwhXriYGnc1sskbwpXOUDc9uX4+UESzH22P29ovd
d8WErY0gPxun8pbJLmxkAtWNhpMvfe0050vk9TL5wqbu9AlbssgTcCXkMQnPw9nC
YNN6DDP2lbcBrvgT9YCNL6C+ZKufD52yOQ9qOkwFTEQpjtF4uNtJom+asvlpmS8A
vLY9r60wYSvmZhNqBUrj7lyCtXMIu1kkd4w7F77k+DjHoAXyxcUp1DGL51sOmama
+TOWWgECgYEA8JtPxP0GRJ+IQkX262jM3dEIkza8ky5moIwUqYdsx0NxHgRRhORT
8c8hAuRBb2G82so8vUHk/fur85OEfc9TncnCY2crpoqsghifKLxrLgtT+qDpfZnx
SatLdt8GfQ85yA7hnWWJ2MxF3NaeSDm75Lsm+tBbAiyc9P2jGRNtMSkCgYEAypHd
HCctNi/FwjulhttFx/rHYKhLidZDFYeiE/v45bN4yFm8x7R/b0iE7KaszX+Exdvt
SghaTdcG0Knyw1bpJVyusavPzpaJMjdJ6tcFhVAbAjm7enCIvGCSx+X3l5SiWg0A
R57hJglezIiVjv3aGwHwvlZvtszK6zV6oXFAu0ECgYAbjo46T4hyP5tJi93V5HDi
Ttiek7xRVxUl+iU7rWkGAXFpMLFteQEsRr7PJ/lemmEY5eTDAFMLy9FL2m9oQWCg
R8VdwSk8r9FGLS+9aKcV5PI/WEKlwgXinB3OhYimtiG2Cg5JCqIZFHxD6MjEGOiu
L8ktHMPvodBwNsSBULpG0QKBgBAplTfC1HOnWiMGOU3KPwYWt0O6CdTkmJOmL8Ni
blh9elyZ9FsGxsgtRBXRsqXuz7wtsQAgLHxbdLq/ZJQ7YfzOKU4ZxEnabvXnvWkU
YOdjHdSOoKvDQNWu6ucyLRAWFuISeXw9a/9p7ftpxm0TSgyvmfLF2MIAEwyzRqaM
77pBAoGAMmjmIJdjp+Ez8duyn3ieo36yrttF5NSsJLAbxFpdlc1gvtGCWW+9Cq0b
dxviW8+TFVEBl1O4f7HVm6EpTscdDxU+bCXWkfjuRb7Dy9GOtt9JPsX8MBTakzh3
vBgsyi/sN3RqRBcGU40fOoZyfAMT8s1m/uYv52O6IgeuZ/ujbjY=
-----END RSA PRIVATE KEY-----

bandit16@bandit:~$ cd /tmp
bandit16@bandit:/tmp$ mkdir private
mkdir: cannot create directory ‘private’: File exists
bandit16@bandit:/tmp$ mkdir pr!vat3
-bash: !vat3: event not found
bandit16@bandit:/tmp$ mkdir private2
bandit16@bandit:/tmp$ cd private2
bandit16@bandit:/tmp/private2$ touch privatekey
bandit16@bandit:/tmp/private2$ vim privatekey 
bandit16@bandit:/tmp/private2$ vim privatekey     #wq to save and exit from vim; :q to simply exit and :q! to discard changes
bandit16@bandit:/tmp/private2$ ssh -i privatekey -p 2220 bandit17@bandit.labs.overthewire.org
The authenticity of host '[bandit.labs.overthewire.org]:2220 ([127.0.0.1]:2220)' can't be established.
ED25519 key fingerprint is SHA256:C2ihUBV7ihnV1wUXRb4RrEcLfXC5CXlhmAAM/urerLY.
This key is not known by any other names.
Are you sure you want to continue connecting (yes/no/[fingerprint])? yes
Could not create directory '/home/bandit16/.ssh' (Permission denied).
Failed to add the host to the list of known hosts (/home/bandit16/.ssh/known_hosts).
                         _                     _ _ _   
                        | |__   __ _ _ __   __| (_) |_ 
                        | '_ \ / _` | '_ \ / _` | | __|
                        | |_) | (_| | | | | (_| | | |_ 
                        |_.__/ \__,_|_| |_|\__,_|_|\__|
                                                       

                      This is an OverTheWire game server. 
            More information on http://www.overthewire.org/wargames

!!! You are trying to log into this SSH server with a password on port 2220 from localhost.
!!! Connecting from localhost is blocked to conserve resources.
!!! Please log out and log in again.

@@@@@@@@@@@@@@@@@@@@@@@@@@@@@@@@@@@@@@@@@@@@@@@@@@@@@@@@@@@
@         WARNING: UNPROTECTED PRIVATE KEY FILE!          @
@@@@@@@@@@@@@@@@@@@@@@@@@@@@@@@@@@@@@@@@@@@@@@@@@@@@@@@@@@@
Permissions 0664 for 'privatekey' are too open.
It is required that your private key files are NOT accessible by others.
This private key will be ignored.
Load key "privatekey": bad permissions
bandit17@bandit.labs.overthewire.org: Permission denied (publickey).
bandit16@bandit:/tmp/private2$ ls -l
total 4
-rw-rw-r-- 1 bandit16 bandit16 1675 May 13 19:05 privatekey
bandit16@bandit:/tmp/private2$ chmod 600 privatekey 
bandit16@bandit:/tmp/private2$ ls -l
total 4
-rw------- 1 bandit16 bandit16 1675 May 13 19:05 privatekey
bandit16@bandit:/tmp/private2$ ssh -i privatekey -p 2220 bandit17@bandit.labs.overthewire.org
The authenticity of host '[bandit.labs.overthewire.org]:2220 ([127.0.0.1]:2220)' can't be established.
ED25519 key fingerprint is SHA256:C2ihUBV7ihnV1wUXRb4RrEcLfXC5CXlhmAAM/urerLY.
This key is not known by any other names.
Are you sure you want to continue connecting (yes/no/[fingerprint])? yes
Could not create directory '/home/bandit16/.ssh' (Permission denied).
Failed to add the host to the list of known hosts (/home/bandit16/.ssh/known_hosts).
                         _                     _ _ _   
                        | |__   __ _ _ __   __| (_) |_ 
                        | '_ \ / _` | '_ \ / _` | | __|
                        | |_) | (_| | | | | (_| | | |_ 
                        |_.__/ \__,_|_| |_|\__,_|_|\__|
                                                       

                      This is an OverTheWire game server. 
            More information on http://www.overthewire.org/wargames

!!! You are trying to log into this SSH server with a password on port 2220 from localhost.
!!! Connecting from localhost is blocked to conserve resources.
!!! Please log out and log in again.


      ,----..            ,----,          .---.
     /   /   \         ,/   .`|         /. ./|
    /   .     :      ,`   .'  :     .--'.  ' ;
   .   /   ;.  \   ;    ;     /    /__./ \ : |
  .   ;   /  ` ; .'___,/    ,' .--'.  '   \' .
  ;   |  ; \ ; | |    :     | /___/ \ |    ' '
  |   :  | ; | ' ;    |.';  ; ;   \  \;      :
  .   |  ' ' ' : `----'  |  |  \   ;  `      |
  '   ;  \; /  |     '   :  ;   .   \    .\  ;
   \   \  ',  /      |   |  '    \   \   ' \ |
    ;   :    /       '   :  |     :   '  |--"
     \   \ .'        ;   |.'       \   \ ;
  www. `---` ver     '---' he       '---" ire.org


Welcome to OverTheWire!

If you find any problems, please report them to the #wargames channel on
discord or IRC.

--[ Playing the games ]--

  This machine might hold several wargames.
  If you are playing "somegame", then:

    * USERNAMES are somegame0, somegame1, ...
    * Most LEVELS are stored in /somegame/.
    * PASSWORDS for each level are stored in /etc/somegame_pass/.

  Write-access to homedirectories is disabled. It is advised to create a
  working directory with a hard-to-guess name in /tmp/.  You can use the
  command "mktemp -d" in order to generate a random and hard to guess
  directory in /tmp/.  Read-access to both /tmp/ is disabled and to /proc
  restricted so that users cannot snoop on eachother. Files and directories
  with easily guessable or short names will be periodically deleted! The /tmp
  directory is regularly wiped.
  Please play nice:

    * don't leave orphan processes running
    * don't leave exploit-files laying around
    * don't annoy other players
    * don't post passwords or spoilers
    * again, DONT POST SPOILERS!
      This includes writeups of your solution on your blog or website!

--[ Tips ]--

  This machine has a 64bit processor and many security-features enabled
  by default, although ASLR has been switched off.  The following
  compiler flags might be interesting:

    -m32                    compile for 32bit
    -fno-stack-protector    disable ProPolice
    -Wl,-z,norelro          disable relro

  In addition, the execstack tool can be used to flag the stack as
  executable on ELF binaries.

  Finally, network-access is limited for most levels by a local
  firewall.

--[ Tools ]--

 For your convenience we have installed a few useful tools which you can find
 in the following locations:

    * gef (https://github.com/hugsy/gef) in /opt/gef/
    * pwndbg (https://github.com/pwndbg/pwndbg) in /opt/pwndbg/
    * gdbinit (https://github.com/gdbinit/Gdbinit) in /opt/gdbinit/
    * pwntools (https://github.com/Gallopsled/pwntools)
    * radare2 (http://www.radare.org/)

--[ More information ]--

  For more information regarding individual wargames, visit
  http://www.overthewire.org/wargames/

  For support, questions or comments, contact us on discord or IRC.

  Enjoy your stay!

bandit17@bandit:~$ ls

